# Training started at 20251028_045433
# Target episodes: 100000
# Device: cuda
# Format: episode, avg_score, max_score, epsilon, memory_size, time_last_100, time_total, time_remaining
# episode,avg_score,max_score,epsilon,memory_size,time_last_100,time_total,time_remaining
0,0.00,0,1.0000,133,0.01,0.01,510.47
100,0.10,1,1.0000,12591,0.18,0.19,184.90
200,0.22,1,0.9646,22792,0.68,0.87,431.34
300,0.13,1,0.9176,36002,1.10,1.97,652.65
400,0.20,1,0.8728,46618,1.33,3.30,820.66
500,0.24,1,0.8302,60383,1.79,5.09,1011.11
600,0.57,1,0.7897,70885,1.86,6.95,1150.11
700,0.51,2,0.7512,80613,1.83,8.79,1244.94
800,0.64,1,0.7146,89429,1.97,10.76,1332.78
900,0.72,1,0.6797,98027,2.06,12.82,1410.15
1000,0.75,2,0.6465,100000,1.75,14.57,1441.36
1100,0.79,2,0.6150,100000,1.97,16.54,1485.73
1200,0.77,2,0.5850,100000,2.17,18.71,1539.30
1300,0.82,2,0.5565,100000,2.14,20.85,1582.04
1400,0.90,2,0.5293,100000,2.31,23.17,1630.51
1500,0.86,1,0.5035,100000,2.91,26.08,1711.46
1600,0.83,2,0.4789,100000,3.72,29.80,1831.84
1700,0.86,2,0.4556,100000,3.31,33.12,1913.84
1800,0.88,1,0.4334,100000,4.06,37.17,2026.95
1900,0.82,1,0.4122,100000,5.11,42.28,2181.98
2000,0.82,1,0.3921,100000,3.11,45.40,2223.31
2100,0.90,2,0.3730,100000,5.20,50.59,2357.47
2200,0.87,2,0.3548,100000,4.99,55.58,2469.82
2300,0.87,2,0.3375,100000,5.99,61.58,2614.46
2400,1.01,2,0.3210,100000,3.99,65.56,2665.11
2500,0.93,2,0.3054,100000,4.87,70.43,2745.64
2600,0.96,2,0.2905,100000,4.44,74.87,2803.68
2700,0.97,2,0.2763,100000,3.80,78.67,2834.03
2800,0.98,2,0.2628,100000,6.30,84.97,2948.51
2900,1.03,3,0.2500,100000,5.13,90.10,3015.67
3000,1.05,3,0.2378,100000,7.28,97.37,3147.33
3100,1.03,3,0.2262,100000,5.49,102.86,3214.25
3200,1.20,4,0.2152,100000,5.36,108.22,3272.59
3300,1.15,3,0.2047,100000,3.61,111.83,3275.90
3400,1.13,4,0.1947,100000,6.47,118.30,3360.10
3500,1.18,4,0.1852,100000,5.64,123.94,3416.32
3600,1.15,4,0.1761,100000,4.11,128.05,3428.00
3700,1.11,3,0.1676,100000,6.27,134.33,3495.12
3800,1.36,4,0.1594,100000,5.31,139.63,3533.93
3900,1.23,4,0.1516,100000,7.44,147.08,3623.11
4000,1.22,3,0.1442,100000,3.49,150.56,3612.53
4100,1.38,7,0.1372,100000,5.87,156.43,3657.95
4200,1.52,5,0.1305,100000,5.25,161.68,3686.95
4300,1.66,6,0.1241,100000,6.06,167.74,3732.30
4400,1.37,6,0.1181,100000,6.03,173.77,3774.69
4500,1.44,5,0.1123,100000,7.59,181.37,3848.10
4600,1.47,5,0.1068,100000,4.83,186.19,3860.60
4700,1.67,8,0.1016,100000,5.44,191.63,3884.79
4800,1.57,5,0.0967,100000,6.75,198.38,3933.75
4900,1.77,6,0.0919,100000,5.14,203.53,3949.21
5000,1.79,8,0.0875,100000,6.40,209.93,3987.76
5100,1.85,6,0.0832,100000,6.78,216.71,4031.61
5200,1.83,8,0.0791,100000,8.14,224.85,4098.31
5300,1.93,7,0.0753,100000,7.67,232.52,4153.83
5400,2.23,7,0.0716,100000,5.72,238.24,4172.83
5500,2.04,7,0.0681,100000,5.93,244.18,4194.58
5600,2.16,11,0.0648,100000,8.57,252.74,4259.71
5700,1.86,8,0.0616,100000,7.62,260.36,4306.56
5800,2.26,9,0.0586,100000,8.02,268.38,4358.06
5900,2.09,7,0.0558,100000,6.80,275.18,4388.06
6000,2.58,9,0.0530,100000,6.15,281.33,4406.72
6100,2.38,8,0.0505,100000,8.54,289.87,4461.27
6200,2.24,7,0.0500,100000,8.25,298.12,4509.51
6300,2.95,9,0.0500,100000,8.12,306.24,4553.93
6400,2.90,11,0.0500,100000,7.87,314.11,4593.08
6500,2.90,11,0.0500,100000,7.92,322.03,4631.50
6600,2.84,10,0.0500,100000,7.66,329.68,4664.77
6700,2.73,9,0.0500,100000,7.02,336.70,4687.99
6800,2.56,8,0.0500,100000,6.06,342.77,4697.18
6900,2.83,10,0.0500,100000,7.04,349.81,4719.13
7000,2.50,10,0.0500,100000,9.68,359.49,4775.36
7100,2.47,10,0.0500,100000,8.53,368.02,4814.63
7200,2.99,13,0.0500,100000,10.61,378.63,4879.37
7300,2.49,9,0.0500,100000,6.33,384.96,4887.72
7400,2.72,9,0.0500,100000,7.98,392.94,4916.30
7500,2.89,8,0.0500,100000,7.01,399.94,4931.94
7600,2.23,8,0.0500,100000,9.84,409.78,4981.39
7700,2.88,11,0.0500,100000,7.89,417.68,5005.99
7800,3.52,9,0.0500,100000,8.79,426.47,5040.37
7900,2.38,9,0.0500,100000,7.34,433.81,5056.76
8000,2.30,11,0.0500,100000,11.33,445.14,5118.46
8100,2.99,12,0.0500,100000,9.95,455.09,5162.61
8200,2.63,10,0.0500,100000,8.06,463.15,5184.36
8300,2.44,11,0.0500,100000,6.69,469.84,5190.26
8400,2.97,11,0.0500,100000,6.56,476.41,5194.41
8500,2.19,12,0.0500,100000,11.61,488.01,5252.62
8600,2.43,13,0.0500,100000,7.79,495.80,5268.63
8700,2.72,11,0.0500,100000,7.61,503.40,5282.19
8800,2.28,10,0.0500,100000,6.86,510.26,5287.52
8900,2.40,12,0.0500,100000,9.53,519.79,5319.90
9000,2.48,9,0.0500,100000,10.09,529.88,5357.05
9100,1.98,8,0.0500,100000,9.29,539.17,5385.10
9200,2.82,10,0.0500,100000,7.15,546.31,5391.24
9300,3.03,10,0.0500,100000,5.94,552.25,5385.28
9400,3.13,13,0.0500,100000,6.96,559.21,5389.15
9500,2.35,10,0.0500,100000,8.56,567.77,5408.09
9600,3.07,11,0.0500,100000,10.28,578.04,5442.62
9700,2.45,11,0.0500,100000,9.56,587.60,5469.50
9800,2.71,12,0.0500,100000,7.69,595.28,5478.43
9900,2.43,11,0.0500,100000,8.23,603.51,5491.97
10000,2.79,8,0.0500,100000,10.89,614.41,5529.04
10100,2.10,9,0.0500,100000,7.10,621.51,5531.43
10200,2.46,9,0.0500,100000,6.93,628.44,5532.09
10300,2.87,10,0.0500,100000,6.93,635.36,5532.59
10400,2.53,11,0.0500,100000,9.11,644.47,5551.74
10500,2.82,11,0.0500,100000,5.98,650.45,5543.72
10600,2.79,12,0.0500,100000,5.61,656.06,5532.57
10700,2.67,11,0.0500,100000,7.77,663.83,5539.61
10800,2.96,11,0.0500,100000,7.79,671.62,5546.53
10900,2.14,8,0.0500,100000,11.17,682.79,5580.80
11000,2.95,9,0.0500,100000,7.19,689.99,5582.07
11100,2.98,11,0.0500,100000,7.53,697.52,5585.91
11200,2.54,11,0.0500,100000,6.49,704.02,5581.29
11300,2.56,11,0.0500,100000,9.75,713.77,5602.19
11400,2.65,13,0.0500,100000,6.72,720.48,5598.99
11500,2.59,12,0.0500,100000,8.59,729.08,5610.17
11600,2.67,10,0.0500,100000,5.14,734.22,5594.72
11700,2.66,8,0.0500,100000,9.11,743.33,5609.35
11800,2.63,8,0.0500,100000,6.37,749.70,5603.14
11900,2.60,9,0.0500,100000,8.27,757.97,5610.96
12000,2.30,8,0.0500,100000,10.25,768.22,5633.08
12100,2.61,9,0.0500,100000,5.47,773.69,5619.89
12200,3.06,8,0.0500,100000,5.87,779.56,5609.73
12300,3.18,17,0.0500,100000,8.45,788.01,5618.03
12400,2.75,10,0.0500,100000,6.99,795.00,5615.74
12500,2.86,10,0.0500,100000,6.64,801.64,5610.93
12600,3.06,11,0.0500,100000,6.12,807.76,5602.50
12700,2.59,11,0.0500,100000,6.55,814.31,5597.08
12800,2.47,8,0.0500,100000,5.46,819.77,5584.22
12900,2.48,9,0.0500,100000,5.32,825.09,5570.48
13000,2.50,8,0.0500,100000,11.27,836.36,5596.69
13100,2.20,9,0.0500,100000,5.11,841.47,5581.48
13200,2.85,9,0.0500,100000,7.79,849.26,5584.04
13300,2.85,8,0.0500,100000,5.44,854.70,5571.14
13400,3.44,12,0.0500,100000,7.38,862.08,5570.88
13500,2.36,8,0.0500,100000,6.93,869.01,5567.62
13600,2.11,10,0.0500,100000,6.35,875.36,5560.67
13700,2.81,8,0.0500,100000,6.40,881.76,5553.99
13800,2.50,9,0.0500,100000,6.19,887.95,5546.00
13900,2.90,11,0.0500,100000,5.86,893.81,5536.03
14000,2.81,12,0.0500,100000,7.80,901.62,5538.05
14100,3.14,11,0.0500,100000,7.83,909.44,5540.06
14200,3.12,12,0.0500,100000,11.40,920.84,5563.49
14300,2.95,16,0.0500,100000,7.43,928.26,5562.64
14400,2.12,10,0.0500,100000,10.26,938.52,5578.54
14500,3.30,13,0.0500,100000,6.54,945.07,5572.18
14600,3.04,10,0.0500,100000,5.17,950.24,5557.78
14700,2.24,9,0.0500,100000,8.94,959.17,5565.36
14800,2.53,11,0.0500,100000,6.47,965.64,5558.54
14900,2.36,9,0.0500,100000,8.25,973.89,5561.86
15000,2.59,13,0.0500,100000,7.43,981.32,5560.40
15100,3.03,11,0.0500,100000,5.64,986.96,5548.79
15200,3.03,9,0.0500,100000,6.89,993.85,5544.21
15300,2.70,9,0.0500,100000,7.33,1001.18,5542.04
15400,2.72,9,0.0500,100000,6.17,1007.35,5533.45
15500,2.85,11,0.0500,100000,7.86,1015.21,5534.12
15600,3.07,10,0.0500,100000,10.01,1025.23,5546.31
15700,2.56,10,0.0500,100000,7.01,1032.24,5542.11
15800,2.46,10,0.0500,100000,5.71,1037.95,5530.92
15900,3.06,11,0.0500,100000,6.55,1044.49,5524.24
16000,2.68,10,0.0500,100000,6.40,1050.90,5516.80
16100,3.39,11,0.0500,100000,7.74,1058.64,5516.34
16200,2.94,11,0.0500,100000,7.63,1066.26,5515.20
16300,2.86,11,0.0500,100000,5.70,1071.96,5504.09
16400,2.90,11,0.0500,100000,6.80,1078.76,5498.67
16500,3.53,12,0.0500,100000,6.28,1085.05,5490.60
16600,2.46,11,0.0500,100000,7.58,1092.63,5489.08
16700,2.90,10,0.0500,100000,5.86,1098.49,5478.88
16800,2.66,8,0.0500,100000,4.34,1102.82,5461.21
16900,2.66,12,0.0500,100000,5.47,1108.29,5449.27
17000,2.86,9,0.0500,100000,6.03,1114.32,5440.13
17100,2.97,12,0.0500,100000,5.84,1120.17,5430.13
17200,2.52,10,0.0500,100000,7.54,1127.71,5428.36
17300,3.16,11,0.0500,100000,4.99,1132.70,5414.30
17400,2.86,11,0.0500,100000,4.94,1137.64,5400.12
17500,2.96,12,0.0500,100000,6.25,1143.88,5392.22
17600,3.19,10,0.0500,100000,4.92,1148.81,5378.13
17700,2.80,14,0.0500,100000,6.86,1155.66,5373.13
17800,2.79,12,0.0500,100000,7.99,1163.66,5373.37
17900,2.19,9,0.0500,100000,4.43,1168.09,5357.17
18000,2.77,11,0.0500,100000,4.99,1173.08,5343.66
18100,3.06,13,0.0500,100000,5.27,1178.35,5331.51
18200,3.48,13,0.0500,100000,7.56,1185.91,5329.73
18300,2.99,10,0.0500,100000,4.81,1190.72,5315.61
18400,2.84,9,0.0500,100000,6.08,1196.80,5307.19
18500,2.83,14,0.0500,100000,6.86,1203.66,5302.26
18600,2.81,8,0.0500,100000,5.25,1208.91,5290.25
18700,2.91,12,0.0500,100000,7.14,1216.04,5286.52
18800,2.68,9,0.0500,100000,5.37,1221.42,5275.13
18900,3.32,11,0.0500,100000,5.09,1226.51,5262.60
19000,3.30,13,0.0500,100000,9.73,1236.23,5269.92
19100,3.16,13,0.0500,100000,5.41,1241.64,5258.76
19200,3.17,12,0.0500,100000,4.47,1246.11,5243.72
19300,2.63,9,0.0500,100000,5.29,1251.40,5232.22
19400,3.59,14,0.0500,100000,5.24,1256.64,5220.56
19500,3.33,13,0.0500,100000,6.43,1263.07,5213.89
19600,2.57,10,0.0500,100000,5.36,1268.43,5202.81
19700,2.85,11,0.0500,100000,6.03,1274.46,5194.55
19800,2.77,15,0.0500,100000,8.42,1282.88,5195.98
19900,2.94,9,0.0500,100000,4.64,1287.52,5182.11
20000,3.12,14,0.0500,100000,5.53,1293.05,5171.88
20100,3.09,11,0.0500,100000,4.70,1297.75,5158.40
20200,2.85,10,0.0500,100000,4.89,1302.65,5145.78
20300,3.40,12,0.0500,100000,5.44,1308.08,5135.36
20400,2.11,7,0.0500,100000,6.69,1314.77,5129.87
20500,2.63,12,0.0500,100000,7.54,1322.32,5127.69
20600,3.10,12,0.0500,100000,5.50,1327.82,5117.60
20700,3.40,14,0.0500,100000,5.07,1332.89,5105.86
20800,2.88,11,0.0500,100000,5.61,1338.49,5096.27
20900,3.15,10,0.0500,100000,4.75,1343.24,5083.44
21000,3.49,13,0.0500,100000,5.66,1348.90,5074.14
21100,2.62,11,0.0500,100000,4.89,1353.79,5061.98
21200,3.10,13,0.0500,100000,4.72,1358.51,5049.27
21300,2.92,11,0.0500,100000,5.33,1363.85,5038.89
21400,2.68,13,0.0500,100000,6.19,1370.03,5031.70
21500,2.98,10,0.0500,100000,6.02,1376.05,5023.89
21600,3.07,10,0.0500,100000,6.41,1382.46,5017.52
21700,2.56,9,0.0500,100000,7.15,1389.61,5013.82
21800,2.69,14,0.0500,100000,6.68,1396.28,5008.40
21900,2.58,11,0.0500,100000,7.48,1403.77,5005.84
22000,2.60,11,0.0500,100000,4.80,1408.57,4993.71
22100,3.46,11,0.0500,100000,5.26,1413.83,4983.29
22200,3.00,9,0.0500,100000,5.05,1418.88,4972.18
22300,3.18,12,0.0500,100000,5.70,1424.58,4963.39
22400,2.97,10,0.0500,100000,5.93,1430.51,4955.40
22500,3.21,12,0.0500,100000,5.00,1435.50,4944.23
22600,3.12,12,0.0500,100000,4.90,1440.41,4932.79
22700,3.53,12,0.0500,100000,6.05,1446.46,4925.32
22800,3.66,12,0.0500,100000,6.06,1452.52,4917.89
22900,2.81,12,0.0500,100000,5.35,1457.86,4908.07
23000,3.05,11,0.0500,100000,5.17,1463.03,4897.69
23100,2.65,8,0.0500,100000,5.70,1468.73,4889.15
23200,2.79,11,0.0500,100000,5.42,1474.16,4879.70
23300,3.05,12,0.0500,100000,4.85,1479.01,4868.38
23400,2.19,8,0.0500,100000,4.74,1483.74,4856.76
23500,3.17,12,0.0500,100000,6.14,1489.88,4849.77
23600,2.89,13,0.0500,100000,4.62,1494.50,4837.87
23700,2.53,12,0.0500,100000,4.50,1499.00,4825.63
23800,2.78,12,0.0500,100000,4.83,1503.83,4814.52
23900,3.16,9,0.0500,100000,4.62,1508.45,4802.80
24000,3.08,10,0.0500,100000,4.00,1512.45,4789.15
24100,2.91,10,0.0500,100000,4.22,1516.67,4776.30
24200,3.29,12,0.0500,100000,4.74,1521.41,4765.14
24300,3.38,9,0.0500,100000,4.45,1525.86,4753.14
24400,2.85,8,0.0500,100000,4.62,1530.48,4741.73
24500,3.34,13,0.0500,100000,6.25,1536.73,4735.39
24600,3.19,12,0.0500,100000,5.11,1541.84,4725.55
24700,3.78,11,0.0500,100000,4.86,1546.70,4715.00
24800,3.41,12,0.0500,100000,4.51,1551.21,4703.42
24900,3.33,12,0.0500,100000,5.08,1556.29,4693.63
25000,3.50,10,0.0500,100000,7.93,1564.22,4692.41
25100,2.95,10,0.0500,100000,6.40,1570.62,4686.57
25200,3.42,10,0.0500,100000,4.70,1575.31,4675.69
25300,3.94,16,0.0500,100000,4.92,1580.24,4665.52
25400,3.63,14,0.0500,100000,5.69,1585.93,4657.64
25500,3.16,12,0.0500,100000,4.18,1590.11,4645.37
25600,2.65,11,0.0500,100000,4.95,1595.06,4635.41
25700,3.36,10,0.0500,100000,4.44,1599.50,4623.99
25800,3.29,12,0.0500,100000,5.02,1604.52,4614.30
25900,3.21,10,0.0500,100000,4.78,1609.30,4603.96
26000,3.05,11,0.0500,100000,4.95,1614.25,4594.16
26100,3.66,15,0.0500,100000,4.79,1619.04,4583.94
26200,3.66,9,0.0500,100000,4.41,1623.45,4572.69
26300,3.83,15,0.0500,100000,5.37,1628.82,4564.19
26400,3.41,12,0.0500,100000,4.19,1633.01,4552.40
26500,3.45,11,0.0500,100000,4.06,1637.07,4540.32
26600,3.44,15,0.0500,100000,4.18,1641.25,4528.64
26700,3.67,12,0.0500,100000,4.92,1646.17,4519.04
26800,3.28,11,0.0500,100000,4.33,1650.50,4507.86
26900,2.98,11,0.0500,100000,4.61,1655.11,4497.49
27000,3.54,13,0.0500,100000,5.24,1660.35,4488.86
27100,2.95,11,0.0500,100000,5.41,1665.76,4480.72
27200,2.76,12,0.0500,100000,5.09,1670.84,4471.74
27300,2.75,8,0.0500,100000,4.90,1675.75,4462.29
27400,3.53,11,0.0500,100000,4.06,1679.81,4450.65
27500,2.79,11,0.0500,100000,4.49,1684.30,4440.20
27600,3.32,9,0.0500,100000,4.54,1688.84,4429.92
27700,3.36,11,0.0500,100000,4.35,1693.19,4419.20
27800,3.20,11,0.0500,100000,4.36,1697.55,4408.52
27900,3.64,15,0.0500,100000,5.15,1702.70,4399.95
28000,3.60,15,0.0500,100000,4.68,1707.38,4390.19
28100,3.72,14,0.0500,100000,4.84,1712.22,4380.88
28200,3.36,10,0.0500,100000,5.25,1717.47,4372.64
28300,3.48,15,0.0500,100000,4.05,1721.52,4361.37
28400,3.14,16,0.0500,100000,6.94,1728.46,4357.45
28500,2.96,9,0.0500,100000,7.47,1735.93,4354.84
28600,2.94,12,0.0500,100000,4.24,1740.17,4344.14
28700,3.53,12,0.0500,100000,4.42,1744.59,4333.91
28800,3.46,11,0.0500,100000,4.45,1749.04,4323.80
28900,3.26,10,0.0500,100000,4.09,1753.12,4312.84
29000,3.94,13,0.0500,100000,4.41,1757.54,4302.73
29100,3.33,14,0.0500,100000,5.12,1762.66,4294.37
29200,2.67,14,0.0500,100000,4.29,1766.95,4284.04
29300,4.36,13,0.0500,100000,5.21,1772.16,4275.95
29400,3.68,13,0.0500,100000,4.23,1776.39,4265.54
29500,3.77,14,0.0500,100000,4.13,1780.52,4254.94
29600,3.79,15,0.0500,100000,4.25,1784.78,4244.67
29700,3.33,12,0.0500,100000,4.55,1789.32,4235.13
29800,3.45,13,0.0500,100000,4.57,1793.89,4225.68
29900,3.61,13,0.0500,100000,4.52,1798.41,4216.15
30000,3.36,10,0.0500,100000,5.10,1803.51,4207.99
30100,4.24,15,0.0500,100000,4.78,1808.29,4199.12
30200,3.82,14,0.0500,100000,4.45,1812.74,4189.51
30300,3.71,13,0.0500,100000,4.56,1817.30,4180.19
30400,3.09,12,0.0500,100000,4.61,1821.91,4171.02
30500,3.57,12,0.0500,100000,4.81,1826.72,4162.33
30600,3.52,9,0.0500,100000,4.19,1830.91,4152.27
30700,3.59,16,0.0500,100000,4.71,1835.63,4143.42
30800,3.49,11,0.0500,100000,4.80,1840.43,4134.79
30900,2.71,14,0.0500,100000,5.71,1846.14,4128.23
31000,3.76,12,0.0500,100000,4.21,1850.35,4118.32
31100,3.91,16,0.0500,100000,4.25,1854.60,4108.55
31200,3.30,21,0.0500,100000,5.48,1860.08,4101.51
31300,3.33,13,0.0500,100000,3.90,1863.98,4091.04
31400,3.59,12,0.0500,100000,4.57,1868.55,4082.06
31500,3.16,13,0.0500,100000,4.12,1872.67,4072.13
31600,3.23,15,0.0500,100000,4.16,1876.83,4062.33
31700,3.38,10,0.0500,100000,4.31,1881.14,4052.87
31800,3.30,14,0.0500,100000,3.92,1885.06,4042.61
31900,4.47,13,0.0500,100000,4.96,1890.01,4034.61
32000,2.99,10,0.0500,100000,4.44,1894.45,4025.52
32100,3.74,12,0.0500,100000,4.55,1899.00,4016.71
32200,3.58,12,0.0500,100000,4.25,1903.26,4007.30
32300,4.32,18,0.0500,100000,4.71,1907.97,3998.88
32400,4.07,15,0.0500,100000,4.33,1912.30,3989.69
32500,3.73,13,0.0500,100000,4.28,1916.59,3980.42
32600,3.44,15,0.0500,100000,3.81,1920.40,3970.21
32700,3.73,15,0.0500,100000,4.43,1924.83,3961.31
32800,3.84,15,0.0500,100000,4.41,1929.24,3952.40
32900,3.80,12,0.0500,100000,4.37,1933.61,3943.44
33000,3.99,15,0.0500,100000,4.42,1938.03,3934.61
33100,4.03,15,0.0500,100000,4.39,1942.42,3925.75
33200,4.70,19,0.0500,100000,4.99,1947.42,3918.12
33300,3.76,14,0.0500,100000,4.52,1951.94,3909.56
33400,3.95,14,0.0500,100000,4.46,1956.40,3900.91
33500,3.48,18,0.0500,100000,4.16,1960.56,3891.68
33600,3.55,13,0.0500,100000,4.43,1964.99,3883.01
33700,4.04,12,0.0500,100000,4.34,1969.33,3874.20
33800,3.89,14,0.0500,100000,4.81,1974.13,3866.33
33900,4.14,13,0.0500,100000,4.85,1978.98,3858.55
34000,4.50,12,0.0500,100000,4.66,1983.65,3850.44
34100,4.53,16,0.0500,100000,4.82,1988.47,3842.65
34200,3.49,13,0.0500,100000,4.16,1992.63,3833.60
34300,4.14,14,0.0500,100000,4.33,1996.96,3824.91
34400,3.80,14,0.0500,100000,5.63,2002.59,3818.71
34500,4.02,13,0.0500,100000,4.40,2006.98,3810.19
34600,4.62,17,0.0500,100000,4.33,2011.31,3801.56
34700,3.82,13,0.0500,100000,4.30,2015.62,3792.91
34800,3.52,11,0.0500,100000,3.72,2019.34,3783.19
34900,4.18,15,0.0500,100000,4.59,2023.93,3775.13
35000,3.98,14,0.0500,100000,4.36,2028.29,3766.67
35100,4.23,15,0.0500,100000,4.56,2032.86,3758.59
35200,4.12,18,0.0500,100000,4.76,2037.62,3750.91
35300,3.95,13,0.0500,100000,4.32,2041.94,3742.43
35400,4.21,15,0.0500,100000,4.73,2046.67,3734.72
35500,3.92,13,0.0500,100000,4.23,2050.89,3726.11
35600,3.91,13,0.0500,100000,4.16,2055.05,3717.40
35700,4.11,14,0.0500,100000,4.27,2059.32,3708.92
35800,4.62,13,0.0500,100000,4.69,2064.01,3701.22
35900,4.06,13,0.0500,100000,4.57,2068.58,3693.33
36000,4.26,15,0.0500,100000,4.87,2073.45,3685.98
36100,3.87,11,0.0500,100000,4.10,2077.55,3677.27
36200,3.81,18,0.0500,100000,4.26,2081.81,3668.88
36300,4.67,16,0.0500,100000,4.63,2086.44,3661.17
36400,4.32,16,0.0500,100000,4.14,2090.58,3652.61
36500,4.46,17,0.0500,100000,4.50,2095.08,3644.71
36600,4.34,14,0.0500,100000,4.80,2099.88,3637.35
36700,4.08,12,0.0500,100000,4.14,2104.02,3628.85
36800,4.52,15,0.0500,100000,4.34,2108.36,3620.72
36900,4.22,14,0.0500,100000,4.46,2112.82,3612.83
37000,3.99,12,0.0500,100000,3.98,2116.80,3604.13
37100,4.45,13,0.0500,100000,4.42,2121.22,3596.21
37200,4.46,15,0.0500,100000,4.76,2125.98,3588.87
37300,3.98,12,0.0500,100000,4.04,2130.02,3580.34
37400,4.19,12,0.0500,100000,4.74,2134.76,3573.00
37500,4.18,14,0.0500,100000,4.38,2139.14,3565.08
37600,4.19,15,0.0500,100000,4.13,2143.27,3556.76
37700,4.54,19,0.0500,100000,4.57,2147.83,3549.18
37800,4.78,16,0.0500,100000,5.06,2152.89,3542.43
37900,3.84,15,0.0500,100000,3.92,2156.81,3533.83
38000,4.32,18,0.0500,100000,4.25,2161.06,3525.80
38100,3.85,13,0.0500,100000,3.87,2164.93,3517.16
38200,4.41,15,0.0500,100000,4.29,2169.22,3509.22
38300,4.03,15,0.0500,100000,4.23,2173.46,3501.22
38400,4.08,12,0.0500,100000,4.06,2177.51,3492.95
38500,4.00,17,0.0500,100000,4.04,2181.56,3484.68
38600,4.07,19,0.0500,100000,4.34,2185.89,3476.90
38700,4.28,13,0.0500,100000,4.71,2190.60,3469.72
38800,4.41,17,0.0500,100000,4.30,2194.90,3461.92
38900,4.10,13,0.0500,100000,4.48,2199.38,3454.41
39000,3.96,12,0.0500,100000,3.87,2203.25,3445.97
39100,4.51,17,0.0500,100000,4.51,2207.76,3438.54
39200,4.65,13,0.0500,100000,4.65,2212.41,3431.35
39300,4.11,13,0.0500,100000,4.19,2216.60,3423.46
39400,4.59,18,0.0500,100000,4.43,2221.03,3415.96
39500,4.98,15,0.0500,100000,4.85,2225.89,3409.13
39600,4.26,15,0.0500,100000,4.22,2230.10,3401.33
39700,5.26,20,0.0500,100000,5.01,2235.12,3394.76
39800,4.24,15,0.0500,100000,4.02,2239.14,3386.69
39900,4.61,18,0.0500,100000,4.68,2243.82,3379.65
40000,4.13,11,0.0500,100000,4.23,2248.05,3371.94
40100,4.62,18,0.0500,100000,4.43,2252.48,3364.54
40200,5.04,18,0.0500,100000,4.69,2257.17,3357.54
40300,3.71,14,0.0500,100000,3.92,2261.09,3349.42
40400,4.30,15,0.0500,100000,4.09,2265.18,3341.56
40500,4.15,14,0.0500,100000,4.09,2269.27,3333.73
40600,4.11,18,0.0500,100000,4.12,2273.39,3325.96
40700,4.08,14,0.0500,100000,3.92,2277.32,3317.92
40800,4.54,14,0.0500,100000,4.38,2281.70,3310.56
40900,4.27,15,0.0500,100000,4.28,2285.98,3303.08
41000,4.79,19,0.0500,100000,4.58,2290.56,3296.03
41100,4.63,16,0.0500,100000,4.26,2294.81,3288.54
41200,5.11,21,0.0500,100000,4.74,2299.55,3281.75
41300,3.86,14,0.0500,100000,4.00,2303.55,3273.92
41400,4.46,17,0.0500,100000,4.24,2307.79,3266.45
41500,4.88,17,0.0500,100000,5.03,2312.82,3260.11
41600,4.76,14,0.0500,100000,4.67,2317.49,3253.26
41700,3.84,14,0.0500,100000,3.96,2321.45,3245.44
41800,4.03,15,0.0500,100000,4.04,2325.49,3237.75
41900,4.31,15,0.0500,100000,4.13,2329.63,3230.21
42000,5.32,16,0.0500,100000,4.86,2334.49,3223.68
42100,4.57,20,0.0500,100000,4.43,2338.92,3216.57
42200,5.21,19,0.0500,100000,5.49,2344.40,3210.92
42300,4.21,15,0.0500,100000,4.04,2348.45,3203.31
42400,4.36,17,0.0500,100000,4.13,2352.58,3195.82
42500,4.06,14,0.0500,100000,4.15,2356.73,3188.38
42600,3.81,20,0.0500,100000,3.61,2360.33,3180.22
42700,4.73,17,0.0500,100000,4.50,2364.83,3173.29
42800,4.32,16,0.0500,100000,4.19,2369.02,3165.95
42900,4.24,16,0.0500,100000,4.04,2373.06,3158.42
43000,4.72,13,0.0500,100000,4.57,2377.63,3151.62
43100,4.75,22,0.0500,100000,4.37,2382.01,3144.56
43200,3.76,15,0.0500,100000,3.70,2385.70,3136.63
43300,4.23,20,0.0500,100000,4.17,2389.87,3129.34
43400,4.29,16,0.0500,100000,4.72,2394.59,3122.78
43500,3.95,14,0.0500,100000,3.83,2398.42,3115.06
43600,4.68,15,0.0500,100000,4.49,2402.91,3108.22
43700,4.64,17,0.0500,100000,4.65,2407.56,3101.61
43800,4.32,18,0.0500,100000,4.37,2411.93,3094.63
43900,4.37,22,0.0500,100000,4.57,2416.50,3087.93
44000,3.87,13,0.0500,100000,4.04,2420.54,3080.56
44100,4.38,17,0.0500,100000,5.18,2425.71,3074.64
44200,4.59,20,0.0500,100000,4.25,2429.96,3067.56
44300,4.27,13,0.0500,100000,4.57,2434.53,3060.90
44400,4.52,16,0.0500,100000,4.61,2439.15,3054.30
44500,4.84,16,0.0500,100000,4.98,2444.13,3048.17
44600,5.16,20,0.0500,100000,5.23,2449.36,3042.36
44700,4.76,21,0.0500,100000,5.34,2454.70,3036.67
44800,4.63,14,0.0500,100000,4.38,2459.08,3029.81
44900,4.50,16,0.0500,100000,4.34,2463.42,3022.92
45000,4.85,19,0.0500,100000,4.80,2468.22,3016.59
45100,5.21,17,0.0500,100000,5.06,2473.28,3010.59
45200,5.03,16,0.0500,100000,5.07,2478.35,3004.60
45300,4.31,20,0.0500,100000,4.51,2482.86,2997.95
45400,3.91,14,0.0500,100000,4.32,2487.18,2991.07
45500,4.38,15,0.0500,100000,4.49,2491.67,2984.41
45600,4.15,23,0.0500,100000,4.36,2496.03,2977.60
45700,4.24,15,0.0500,100000,4.49,2500.52,2970.96
45800,4.81,15,0.0500,100000,5.36,2505.88,2965.35
45900,4.96,16,0.0500,100000,4.78,2510.66,2959.07
46000,4.80,18,0.0500,100000,4.62,2515.28,2952.60
46100,4.16,14,0.0500,100000,4.70,2519.98,2946.24
46200,4.63,20,0.0500,100000,4.83,2524.81,2940.03
46300,4.87,15,0.0500,100000,5.10,2529.91,2934.13
46400,5.38,19,0.0500,100000,5.49,2535.40,2928.71
46500,4.21,17,0.0500,100000,4.71,2540.11,2922.37
46600,4.28,15,0.0500,100000,4.32,2544.42,2915.59
46700,4.65,16,0.0500,100000,4.83,2549.25,2909.42
46800,4.68,16,0.0500,100000,4.84,2554.10,2903.26
46900,4.77,15,0.0500,100000,4.72,2558.82,2896.97
47000,4.72,22,0.0500,100000,4.96,2563.78,2890.95
47100,5.38,18,0.0500,100000,5.42,2569.20,2885.46
47200,5.17,15,0.0500,100000,5.28,2574.47,2879.80
47300,5.25,17,0.0500,100000,5.59,2580.06,2874.50
47400,4.57,16,0.0500,100000,5.99,2586.05,2869.64
47500,4.89,19,0.0500,100000,5.24,2591.29,2863.94
47600,4.70,18,0.0500,100000,4.95,2596.24,2857.93
47700,5.01,22,0.0500,100000,5.50,2601.74,2852.53
47800,5.16,17,0.0500,100000,5.48,2607.22,2847.10
47900,5.31,21,0.0500,100000,5.33,2612.55,2841.51
48000,4.47,16,0.0500,100000,4.93,2617.48,2835.49
48100,5.04,17,0.0500,100000,5.18,2622.66,2829.75
48200,4.36,17,0.0500,100000,4.80,2627.46,2823.59
48300,5.36,19,0.0500,100000,5.74,2633.20,2818.45
48400,4.15,16,0.0500,100000,4.34,2637.54,2811.81
48500,4.90,21,0.0500,100000,4.94,2642.48,2805.82
48600,4.22,13,0.0500,100000,4.36,2646.83,2799.22
48700,4.86,18,0.0500,100000,4.60,2651.44,2792.88
48800,4.97,19,0.0500,100000,4.64,2656.08,2786.60
48900,4.48,15,0.0500,100000,4.22,2660.30,2779.87
49000,4.66,15,0.0500,100000,4.36,2664.65,2773.30
49100,4.48,18,0.0500,100000,4.27,2668.92,2766.65
49200,4.58,15,0.0500,100000,4.30,2673.22,2760.05
49300,5.45,16,0.0500,100000,5.27,2678.49,2754.44
49400,4.39,18,0.0500,100000,4.00,2682.49,2747.54
49500,4.52,16,0.0500,100000,4.36,2686.85,2741.03
49600,4.33,16,0.0500,100000,4.34,2691.19,2734.49
49700,4.88,18,0.0500,100000,4.72,2695.91,2728.35
49800,4.49,17,0.0500,100000,3.97,2699.88,2721.46
49900,4.66,14,0.0500,100000,4.33,2704.21,2714.94
50000,4.84,16,0.0500,100000,4.21,2708.42,2708.32
50100,5.68,22,0.0500,100000,5.08,2713.50,2702.56
50200,4.74,18,0.0500,100000,4.39,2717.89,2696.13
50300,5.30,17,0.0500,100000,4.51,2722.40,2689.82
50400,4.82,15,0.0500,100000,4.54,2726.94,2683.55
50500,4.96,13,0.0500,100000,4.83,2731.77,2677.57
50600,4.74,16,0.0500,100000,4.62,2736.39,2671.39
50700,4.82,22,0.0500,100000,4.80,2741.18,2665.38
50800,4.82,16,0.0500,100000,4.17,2745.35,2658.78
50900,4.48,15,0.0500,100000,4.21,2749.57,2652.23
51000,5.16,21,0.0500,100000,4.61,2754.18,2646.07
51100,4.43,12,0.0500,100000,4.18,2758.36,2639.50
51200,4.71,25,0.0500,100000,4.43,2762.79,2633.18
51300,4.96,16,0.0500,100000,4.59,2767.38,2627.02
51400,5.29,19,0.0500,100000,4.57,2771.96,2620.85
51500,5.10,20,0.0500,100000,4.15,2776.10,2614.28
51600,5.19,16,0.0500,100000,4.57,2780.67,2608.12
51700,5.13,20,0.0500,100000,4.45,2785.12,2601.86
51800,4.39,20,0.0500,100000,3.97,2789.09,2595.15
51900,4.80,16,0.0500,100000,4.28,2793.37,2588.74
52000,4.99,17,0.0500,100000,4.40,2797.77,2582.45
52100,4.69,20,0.0500,100000,4.65,2802.42,2576.40
52200,4.44,19,0.0500,100000,4.64,2807.06,2570.34
52300,4.58,17,0.0500,100000,4.85,2811.91,2564.49
52400,5.08,17,0.0500,100000,4.77,2816.68,2558.56
52500,4.98,17,0.0500,100000,5.18,2821.86,2553.01
52600,4.35,18,0.0500,100000,4.31,2826.17,2546.67
52700,4.78,18,0.0500,100000,4.25,2830.42,2540.29
52800,4.90,18,0.0500,100000,4.73,2835.15,2534.35
52900,4.95,19,0.0500,100000,4.40,2839.55,2528.11
53000,5.30,22,0.0500,100000,4.80,2844.35,2522.25
53100,4.37,16,0.0500,100000,4.19,2848.54,2515.84
53200,4.76,17,0.0500,100000,4.26,2852.80,2509.51
53300,4.80,16,0.0500,100000,4.56,2857.36,2503.44
53400,4.73,15,0.0500,100000,4.25,2861.61,2497.11
53500,4.67,17,0.0500,100000,4.35,2865.97,2490.88
53600,4.43,19,0.0500,100000,4.15,2870.12,2484.48
53700,4.58,20,0.0500,100000,4.22,2874.34,2478.15
53800,4.72,16,0.0500,100000,4.17,2878.51,2471.78
53900,4.83,13,0.0500,100000,4.36,2882.88,2465.59
54000,4.96,16,0.0500,100000,4.33,2887.21,2459.37
54100,5.18,18,0.0500,100000,4.59,2891.80,2453.38
54200,4.57,17,0.0500,100000,4.10,2895.90,2446.99
54300,5.08,16,0.0500,100000,4.34,2900.24,2440.81
54400,4.26,18,0.0500,100000,3.58,2903.83,2433.99
54500,4.85,14,0.0500,100000,4.22,2908.05,2427.72
54600,5.13,16,0.0500,100000,4.53,2912.58,2421.72
54700,4.14,23,0.0500,100000,3.82,2916.40,2415.13
54800,4.34,16,0.0500,100000,3.86,2920.26,2408.58
54900,4.70,17,0.0500,100000,4.29,2924.54,2402.40
55000,4.94,17,0.0500,100000,4.31,2928.85,2396.24
55100,4.74,16,0.0500,100000,4.31,2933.16,2390.09
55200,5.18,24,0.0500,100000,4.87,2938.04,2384.40
55300,4.74,19,0.0500,100000,4.84,2942.88,2378.69
55400,4.73,17,0.0500,100000,4.77,2947.65,2372.92
55500,5.28,18,0.0500,100000,4.78,2952.43,2367.17
55600,5.84,22,0.0500,100000,5.03,2957.46,2361.62
55700,4.29,16,0.0500,100000,3.97,2961.43,2355.23
55800,5.28,17,0.0500,100000,4.64,2966.07,2349.37
55900,4.39,13,0.0500,100000,3.95,2970.02,2342.98
56000,5.08,17,0.0500,100000,4.38,2974.39,2336.93
56100,5.15,19,0.0500,100000,4.39,2978.78,2330.89
56200,5.06,18,0.0500,100000,4.45,2983.23,2324.92
56300,5.25,20,0.0500,100000,4.92,2988.16,2319.31
56400,4.65,16,0.0500,100000,4.53,2992.69,2313.40
56500,5.12,16,0.0500,100000,4.71,2997.40,2307.64
56600,5.60,19,0.0500,100000,4.92,3002.32,2302.04
56700,4.80,19,0.0500,100000,4.34,3006.66,2296.00
56800,4.61,17,0.0500,100000,4.16,3010.82,2289.83
56900,4.86,22,0.0500,100000,4.40,3015.22,2283.85
57000,5.02,26,0.0500,100000,4.66,3019.88,2278.06
57100,4.61,16,0.0500,100000,4.27,3024.15,2272.00
57200,5.12,26,0.0500,100000,4.83,3028.98,2266.35
57300,4.62,25,0.0500,100000,4.13,3033.11,2260.19
57400,4.33,18,0.0500,100000,4.39,3037.51,2254.23
57500,4.73,17,0.0500,100000,4.43,3041.93,2248.29
57600,4.75,18,0.0500,100000,4.71,3046.65,2242.58
57700,4.69,14,0.0500,100000,4.28,3050.92,2236.55
57800,5.60,16,0.0500,100000,4.95,3055.87,2231.01
57900,5.24,17,0.0500,100000,4.78,3060.65,2225.36
58000,5.35,19,0.0500,100000,4.71,3065.36,2219.65
58100,4.34,17,0.0500,100000,4.00,3069.36,2213.44
58200,5.06,21,0.0500,100000,4.82,3074.18,2207.83
58300,4.95,19,0.0500,100000,4.48,3078.66,2201.97
58400,4.63,17,0.0500,100000,4.26,3082.93,2195.97
58500,4.88,19,0.0500,100000,4.41,3087.34,2190.07
58600,5.13,18,0.0500,100000,4.64,3091.98,2184.35
58700,5.13,19,0.0500,100000,4.42,3096.40,2178.47
58800,5.23,17,0.0500,100000,4.57,3100.97,2172.70
58900,5.16,21,0.0500,100000,4.46,3105.43,2166.86
59000,5.30,20,0.0500,100000,4.87,3110.30,2161.30
59100,4.99,15,0.0500,100000,4.37,3114.67,2155.41
59200,5.25,23,0.0500,100000,4.42,3119.09,2149.56
59300,4.81,16,0.0500,100000,4.16,3123.25,2143.53
59400,5.63,18,0.0500,100000,4.78,3128.03,2137.93
59500,4.49,17,0.0500,100000,4.10,3132.13,2131.87
59600,5.12,17,0.0500,100000,4.61,3136.75,2126.16
59700,3.97,16,0.0500,100000,3.87,3140.62,2119.96
59800,4.75,19,0.0500,100000,4.35,3144.97,2114.09
59900,4.50,19,0.0500,100000,4.39,3149.36,2108.25
60000,5.73,19,0.0500,100000,5.00,3154.36,2102.82
60100,4.71,18,0.0500,100000,4.30,3158.67,2096.93
60200,5.18,19,0.0500,100000,5.05,3163.72,2091.54
60300,5.32,22,0.0500,100000,4.68,3168.39,2085.90
60400,5.92,21,0.0500,100000,5.22,3173.61,2080.62
60500,4.56,13,0.0500,100000,4.23,3177.84,2074.70
60600,5.20,24,0.0500,100000,4.38,3182.22,2068.88
60700,5.74,24,0.0500,100000,4.97,3187.19,2063.45
60800,4.56,18,0.0500,100000,4.30,3191.49,2057.58
60900,4.27,17,0.0500,100000,4.38,3195.86,2051.77
61000,5.21,17,0.0500,100000,4.73,3200.59,2046.19
61100,4.74,15,0.0500,100000,4.36,3204.95,2040.38
61200,4.62,16,0.0500,100000,4.24,3209.20,2034.50
61300,5.30,24,0.0500,100000,4.64,3213.83,2028.88
61400,4.69,17,0.0500,100000,4.85,3218.68,2023.39
61500,5.35,17,0.0500,100000,5.45,3224.13,2018.28
61600,4.68,16,0.0500,100000,4.24,3228.37,2012.41
61700,5.10,19,0.0500,100000,4.59,3232.96,2006.76
61800,5.15,25,0.0500,100000,4.73,3237.69,2001.20
61900,4.31,15,0.0500,100000,3.99,3241.68,1995.20
62000,5.26,16,0.0500,100000,4.57,3246.25,1989.55
62100,4.74,16,0.0500,100000,4.51,3250.76,1983.87
62200,4.47,21,0.0500,100000,4.19,3254.95,1978.00
62300,5.04,18,0.0500,100000,4.74,3259.69,1972.47
62400,4.56,21,0.0500,100000,4.32,3264.01,1966.69
62500,4.58,16,0.0500,100000,3.99,3268.00,1960.71
62600,4.56,19,0.0500,100000,4.41,3272.41,1955.00
62700,5.39,16,0.0500,100000,4.52,3276.93,1949.35
62800,5.52,16,0.0500,100000,4.92,3281.85,1943.94
62900,4.85,17,0.0500,100000,4.34,3286.19,1938.19
63000,4.71,21,0.0500,100000,4.75,3290.94,1932.69
63100,4.90,20,0.0500,100000,4.51,3295.45,1927.05
63200,5.74,18,0.0500,100000,5.19,3300.64,1921.81
63300,5.37,23,0.0500,100000,4.72,3305.36,1916.30
63400,4.76,19,0.0500,100000,4.86,3310.22,1910.87
63500,4.52,17,0.0500,100000,4.04,3314.26,1904.97
63600,5.90,21,0.0500,100000,5.18,3319.44,1899.72
63700,4.81,19,0.0500,100000,4.74,3324.18,1894.23
63800,4.45,22,0.0500,100000,4.60,3328.78,1888.66
63900,4.45,25,0.0500,100000,4.38,3333.16,1882.97
64000,5.01,15,0.0500,100000,4.53,3337.69,1877.37
64100,4.72,20,0.0500,100000,4.66,3342.36,1871.85
64200,4.43,17,0.0500,100000,4.80,3347.16,1866.40
64300,4.77,19,0.0500,100000,4.26,3351.42,1860.66
64400,5.27,15,0.0500,100000,4.82,3356.25,1855.24
64500,4.67,17,0.0500,100000,4.27,3360.52,1849.51
64600,4.94,20,0.0500,100000,4.37,3364.89,1843.84
64700,5.42,18,0.0500,100000,5.03,3369.92,1838.53
64800,5.26,14,0.0500,100000,4.81,3374.73,1833.11
64900,5.41,19,0.0500,100000,4.47,3379.20,1827.50
65000,6.07,18,0.0500,100000,5.31,3384.51,1822.35
65100,4.89,18,0.0500,100000,4.70,3389.21,1816.87
65200,5.40,18,0.0500,100000,4.62,3393.83,1811.35
65300,5.39,17,0.0500,100000,4.55,3398.38,1805.80
65400,5.39,17,0.0500,100000,4.74,3403.12,1800.35
65500,4.44,14,0.0500,100000,3.95,3407.07,1794.49
65600,4.20,16,0.0500,100000,3.90,3410.97,1788.60
65700,5.09,19,0.0500,100000,4.23,3415.20,1782.90
65800,5.41,21,0.0500,100000,5.14,3420.34,1777.67
65900,4.48,15,0.0500,100000,3.97,3424.31,1771.83
66000,5.49,23,0.0500,100000,4.93,3429.24,1766.50
66100,5.28,21,0.0500,100000,4.29,3433.53,1760.84
66200,5.20,23,0.0500,100000,4.63,3438.16,1755.35
66300,4.72,15,0.0500,100000,4.58,3442.73,1749.85
66400,4.81,19,0.0500,100000,4.29,3447.03,1744.20
66500,5.01,17,0.0500,100000,4.42,3451.44,1738.62
66600,5.81,22,0.0500,100000,5.26,3456.70,1733.46
66700,4.87,19,0.0500,100000,4.32,3461.02,1727.84
66800,5.40,17,0.0500,100000,4.85,3465.87,1722.48
66900,4.65,16,0.0500,100000,4.06,3469.93,1716.73
67000,4.63,18,0.0500,100000,4.31,3474.24,1711.12
67100,5.68,21,0.0500,100000,5.04,3479.28,1705.86
67200,5.00,19,0.0500,100000,4.48,3483.76,1700.33
67300,5.55,19,0.0500,100000,4.73,3488.50,1694.93
67400,5.27,23,0.0500,100000,4.71,3493.21,1689.51
67500,4.85,18,0.0500,100000,4.40,3497.61,1683.96
67600,5.33,18,0.0500,100000,4.56,3502.17,1678.48
67700,4.84,21,0.0500,100000,4.32,3506.48,1672.88
67800,4.56,18,0.0500,100000,4.37,3510.86,1667.32
67900,4.21,16,0.0500,100000,4.16,3515.02,1661.66
68000,4.27,13,0.0500,100000,3.76,3518.77,1655.82
68100,4.92,17,0.0500,100000,4.20,3522.97,1650.19
68200,5.27,19,0.0500,100000,4.53,3527.50,1644.71
68300,5.67,21,0.0500,100000,4.98,3532.48,1639.45
68400,5.04,19,0.0500,100000,4.46,3536.94,1633.95
68500,4.99,22,0.0500,100000,4.60,3541.54,1628.52
68600,4.63,23,0.0500,100000,4.08,3545.62,1622.85
68700,4.97,15,0.0500,100000,4.63,3550.24,1617.43
68800,5.34,21,0.0500,100000,4.88,3555.13,1612.13
68900,5.03,18,0.0500,100000,4.42,3559.55,1606.63
69000,5.41,21,0.0500,100000,5.36,3564.90,1601.55
69100,4.74,14,0.0500,100000,4.22,3569.12,1595.96
69200,5.28,20,0.0500,100000,4.78,3573.90,1590.62
69300,4.83,21,0.0500,100000,4.22,3578.12,1585.04
69400,4.93,19,0.0500,100000,4.40,3582.52,1579.54
69500,5.66,19,0.0500,100000,5.18,3587.70,1574.38
69600,4.61,19,0.0500,100000,4.48,3592.18,1568.92
69700,4.83,19,0.0500,100000,4.29,3596.47,1563.39
69800,4.48,20,0.0500,100000,4.24,3600.71,1557.83
69900,5.32,20,0.0500,100000,4.87,3605.58,1552.54
70000,5.13,18,0.0500,100000,4.68,3610.26,1547.18
70100,5.44,24,0.0500,100000,4.83,3615.09,1541.88
70200,5.36,20,0.0500,100000,4.71,3619.80,1536.54
70300,5.17,23,0.0500,100000,4.51,3624.31,1531.11
70400,5.48,18,0.0500,100000,4.72,3629.04,1525.77
70500,4.76,16,0.0500,100000,4.50,3633.54,1520.34
70600,4.71,17,0.0500,100000,4.46,3638.00,1514.90
70700,4.28,15,0.0500,100000,3.79,3641.80,1509.19
70800,4.17,13,0.0500,100000,3.83,3645.62,1503.49
70900,4.67,17,0.0500,100000,4.43,3650.05,1498.04
71000,5.64,23,0.0500,100000,5.03,3655.08,1492.85
71100,5.04,16,0.0500,100000,4.36,3659.43,1487.38
71200,5.10,19,0.0500,100000,5.08,3664.52,1482.20
71300,5.43,17,0.0500,100000,4.92,3669.43,1476.97
71400,5.46,24,0.0500,100000,4.47,3673.91,1471.55
71500,5.39,14,0.0500,100000,4.77,3678.68,1466.25
71600,4.78,16,0.0500,100000,4.46,3683.14,1460.84
71700,5.07,19,0.0500,100000,4.56,3687.69,1455.46
71800,5.47,16,0.0500,100000,4.63,3692.32,1450.11
71900,4.45,17,0.0500,100000,3.97,3696.29,1444.51
72000,5.39,18,0.0500,100000,4.55,3700.83,1439.14
72100,5.39,20,0.0500,100000,4.72,3705.55,1433.84
72200,4.80,18,0.0500,100000,4.51,3710.07,1428.46
72300,5.02,24,0.0500,100000,4.23,3714.30,1422.97
72400,5.19,27,0.0500,100000,4.86,3719.16,1417.73
72500,4.93,16,0.0500,100000,4.39,3723.54,1412.31
72600,5.56,19,0.0500,100000,4.88,3728.43,1407.08
72700,4.78,20,0.0500,100000,4.33,3732.75,1401.64
72800,5.42,19,0.0500,100000,4.83,3737.58,1396.39
72900,4.99,16,0.0500,100000,4.37,3741.96,1390.97
73000,5.72,18,0.0500,100000,5.07,3747.02,1385.81
73100,4.25,15,0.0500,100000,3.87,3750.89,1380.22
73200,5.09,23,0.0500,100000,4.53,3755.42,1374.87
73300,4.62,19,0.0500,100000,3.88,3759.30,1369.28
73400,5.32,18,0.0500,100000,4.58,3763.88,1363.95
73500,4.60,19,0.0500,100000,4.15,3768.03,1358.47
73600,5.39,19,0.0500,100000,4.80,3772.83,1353.23
73700,5.06,19,0.0500,100000,4.66,3777.50,1347.94
73800,5.79,20,0.0500,100000,4.96,3782.45,1342.75
73900,5.81,20,0.0500,100000,5.36,3787.82,1337.71
74000,5.43,19,0.0500,100000,4.59,3792.41,1332.40
74100,5.69,22,0.0500,100000,4.92,3797.33,1327.20
74200,5.10,21,0.0500,100000,4.40,3801.73,1321.83
74300,4.18,20,0.0500,100000,3.75,3805.48,1316.23
74400,5.73,18,0.0500,100000,5.09,3810.56,1311.09
74500,5.02,18,0.0500,100000,4.50,3815.07,1305.76
74600,5.94,19,0.0500,100000,4.88,3819.95,1300.56
74700,5.55,27,0.0500,100000,4.71,3824.66,1295.30
74800,5.44,21,0.0500,100000,4.66,3829.32,1290.02
74900,4.79,26,0.0500,100000,4.30,3833.62,1284.63
75000,5.36,19,0.0500,100000,4.74,3838.35,1279.38
75100,5.78,21,0.0500,100000,5.17,3843.52,1274.28
75200,4.78,15,0.0500,100000,4.33,3847.85,1268.90
75300,5.61,23,0.0500,100000,4.82,3852.67,1263.69
75400,5.37,22,0.0500,100000,4.80,3857.47,1258.47
75500,5.92,21,0.0500,100000,5.17,3862.64,1253.37
75600,4.94,22,0.0500,100000,4.43,3867.06,1248.03
75700,4.67,20,0.0500,100000,4.38,3871.45,1242.68
75800,4.59,20,0.0500,100000,4.22,3875.66,1237.28
75900,4.81,21,0.0500,100000,4.86,3880.52,1232.09
76000,4.45,15,0.0500,100000,4.13,3884.65,1226.66
76100,5.58,18,0.0500,100000,4.80,3889.45,1221.46
76200,4.77,17,0.0500,100000,4.15,3893.60,1216.04
76300,6.05,20,0.0500,100000,5.19,3898.79,1210.96
76400,4.50,18,0.0500,100000,3.86,3902.65,1205.46
76500,5.13,24,0.0500,100000,4.50,3907.15,1200.17
76600,5.27,19,0.0500,100000,4.26,3911.40,1194.80
76700,4.58,20,0.0500,100000,3.86,3915.27,1189.32
76800,5.76,20,0.0500,100000,4.90,3920.16,1184.15
76900,5.09,24,0.0500,100000,4.50,3924.66,1178.86
77000,5.33,23,0.0500,100000,4.56,3929.22,1173.60
77100,4.49,21,0.0500,100000,4.03,3933.25,1168.18
77200,4.89,18,0.0500,100000,4.51,3937.76,1162.90
77300,5.37,20,0.0500,100000,4.57,3942.34,1157.64
77400,4.93,20,0.0500,100000,4.37,3946.71,1152.33
77500,5.58,23,0.0500,100000,4.71,3951.42,1147.12
77600,5.19,17,0.0500,100000,4.49,3955.90,1141.84
77700,6.02,20,0.0500,100000,5.07,3960.97,1136.74
77800,4.95,20,0.0500,100000,4.51,3965.48,1131.47
77900,5.13,20,0.0500,100000,4.65,3970.13,1126.25
78000,4.87,18,0.0500,100000,4.36,3974.50,1120.95
78100,4.27,19,0.0500,100000,4.01,3978.50,1115.55
78200,4.56,22,0.0500,100000,4.11,3982.61,1110.18
78300,5.60,22,0.0500,100000,4.77,3987.38,1104.99
78400,4.81,21,0.0500,100000,4.46,3991.84,1099.73
78500,4.82,19,0.0500,100000,3.94,3995.78,1094.32
78600,5.59,26,0.0500,100000,4.92,4000.70,1089.18
78700,4.64,20,0.0500,100000,4.14,4004.84,1083.84
78800,4.95,15,0.0500,100000,4.35,4009.18,1078.55
78900,4.49,14,0.0500,100000,4.28,4013.47,1073.25
79000,4.82,18,0.0500,100000,4.43,4017.90,1067.99
79100,5.07,16,0.0500,100000,4.42,4022.32,1062.72
79200,4.91,18,0.0500,100000,4.50,4026.82,1057.48
79300,5.17,18,0.0500,100000,4.83,4031.65,1052.33
79400,5.11,19,0.0500,100000,4.86,4036.51,1047.19
79500,4.51,13,0.0500,100000,3.98,4040.49,1041.82
79600,5.22,21,0.0500,100000,5.00,4045.48,1036.72
79700,5.13,16,0.0500,100000,4.71,4050.19,1031.54
79800,4.99,19,0.0500,100000,4.51,4054.71,1026.32
79900,4.57,18,0.0500,100000,3.84,4058.55,1020.92
80000,5.63,20,0.0500,100000,4.75,4063.29,1015.76
80100,5.50,24,0.0500,100000,4.79,4068.09,1010.61
80200,4.47,20,0.0500,100000,3.76,4071.85,1005.21
80300,5.44,21,0.0500,100000,4.69,4076.54,1000.03
80400,4.85,19,0.0500,100000,4.42,4080.96,994.80
80500,5.86,22,0.0500,100000,5.04,4086.00,989.71
80600,5.33,18,0.0500,100000,4.60,4090.60,984.52
80700,5.35,23,0.0500,100000,4.60,4095.21,979.34
80800,5.48,22,0.0500,100000,4.84,4100.05,974.21
80900,5.11,17,0.0500,100000,4.73,4104.78,969.05
81000,5.15,20,0.0500,100000,4.36,4109.14,963.81
81100,5.14,20,0.0500,100000,4.76,4113.90,958.66
81200,5.45,19,0.0500,100000,4.87,4118.76,953.54
81300,5.58,20,0.0500,100000,4.78,4123.55,948.40
81400,5.53,17,0.0500,100000,4.99,4128.54,943.31
81500,4.52,16,0.0500,100000,4.08,4132.62,938.02
81600,4.85,18,0.0500,100000,4.38,4137.01,932.79
81700,5.14,19,0.0500,100000,4.72,4141.73,927.64
81800,5.26,25,0.0500,100000,4.90,4146.62,922.54
81900,5.09,22,0.0500,100000,4.33,4150.95,917.30
82000,5.04,18,0.0500,100000,4.41,4155.36,912.09
82100,5.44,17,0.0500,100000,4.80,4160.16,906.96
82200,5.08,22,0.0500,100000,4.74,4164.90,901.83
82300,4.68,16,0.0500,100000,4.49,4169.39,896.64
82400,4.99,23,0.0500,100000,4.40,4173.79,891.43
82500,4.93,20,0.0500,100000,4.27,4178.06,886.19
82600,5.08,17,0.0500,100000,4.84,4182.90,881.08
82700,4.51,23,0.0500,100000,3.91,4186.81,875.78
82800,4.98,19,0.0500,100000,4.43,4191.24,870.58
82900,4.72,19,0.0500,100000,4.09,4195.32,865.32
83000,4.96,15,0.0500,100000,4.24,4199.56,860.09
83100,5.32,16,0.0500,100000,4.45,4204.01,854.91
83200,6.40,22,0.0500,100000,5.24,4209.26,849.89
83300,5.59,20,0.0500,100000,4.84,4214.09,844.78
83400,5.74,19,0.0500,100000,4.97,4219.06,839.71
83500,4.18,18,0.0500,100000,4.03,4223.09,834.44
83600,4.59,17,0.0500,100000,3.82,4226.92,829.14
83700,5.10,15,0.0500,100000,4.51,4231.42,823.98
83800,5.30,22,0.0500,100000,4.49,4235.92,818.82
83900,5.34,20,0.0500,100000,4.48,4240.40,813.65
84000,5.51,26,0.0500,100000,4.76,4245.16,808.54
84100,4.46,17,0.0500,100000,4.10,4249.26,803.31
84200,4.96,19,0.0500,100000,4.73,4254.00,798.20
84300,5.06,20,0.0500,100000,4.45,4258.44,793.03
84400,5.95,25,0.0500,100000,4.93,4263.37,787.96
84500,5.42,18,0.0500,100000,4.61,4267.98,782.82
84600,4.83,19,0.0500,100000,4.38,4272.36,777.65
84700,4.50,18,0.0500,100000,4.29,4276.65,772.46
84800,5.09,16,0.0500,100000,4.35,4281.00,767.29
84900,5.73,25,0.0500,100000,4.83,4285.83,762.20
85000,4.92,20,0.0500,100000,4.50,4290.33,757.06
85100,5.53,24,0.0500,100000,4.90,4295.23,751.98
85200,4.87,23,0.0500,100000,4.04,4299.27,746.76
85300,5.03,18,0.0500,100000,4.30,4303.57,741.59
85400,4.92,24,0.0500,100000,4.36,4307.93,736.43
85500,5.45,17,0.0500,100000,5.01,4312.94,731.37
85600,4.24,17,0.0500,100000,4.16,4317.10,726.18
85700,5.67,20,0.0500,100000,5.00,4322.09,721.13
85800,5.03,16,0.0500,100000,4.41,4326.50,715.98
85900,5.49,22,0.0500,100000,4.52,4331.02,710.85
86000,4.95,28,0.0500,100000,4.35,4335.38,705.70
86100,4.32,21,0.0500,100000,4.00,4339.38,700.49
86200,5.45,17,0.0500,100000,4.75,4344.12,695.40
86300,5.49,15,0.0500,100000,4.56,4348.68,690.29
86400,5.33,29,0.0500,100000,4.55,4353.23,685.17
86500,5.04,23,0.0500,100000,4.54,4357.77,680.06
86600,5.01,21,0.0500,100000,4.28,4362.05,674.90
86700,5.30,20,0.0500,100000,4.61,4366.66,669.80
86800,4.62,15,0.0500,100000,4.40,4371.06,664.67
86900,5.13,22,0.0500,100000,4.77,4375.82,659.59
87000,4.70,19,0.0500,100000,4.39,4380.22,654.46
87100,5.32,19,0.0500,100000,4.74,4384.96,649.38
87200,5.42,24,0.0500,100000,4.78,4389.74,644.31
87300,3.94,12,0.0500,100000,3.81,4393.55,639.10
87400,5.11,23,0.0500,100000,4.56,4398.12,634.00
87500,4.58,18,0.0500,100000,4.50,4402.62,628.89
87600,4.86,15,0.0500,100000,4.41,4407.02,623.77
87700,5.43,26,0.0500,100000,4.95,4411.97,618.73
87800,5.17,18,0.0500,100000,4.52,4416.49,613.62
87900,5.12,20,0.0500,100000,4.58,4421.07,608.53
88000,5.02,16,0.0500,100000,4.20,4425.27,603.39
88100,5.16,20,0.0500,100000,4.47,4429.74,598.28
88200,4.44,17,0.0500,100000,3.95,4433.69,593.11
88300,5.40,19,0.0500,100000,4.56,4438.25,588.02
88400,4.95,19,0.0500,100000,4.40,4442.65,582.92
88500,4.43,23,0.0500,100000,4.65,4447.30,577.84
88600,4.91,16,0.0500,100000,5.06,4452.37,572.82
88700,4.56,23,0.0500,100000,4.05,4456.41,567.67
88800,5.00,19,0.0500,100000,4.31,4460.73,562.56
88900,5.08,16,0.0500,100000,4.41,4465.14,557.46
89000,5.36,30,0.0500,100000,5.29,4470.43,552.47
89100,5.37,24,0.0500,100000,4.77,4475.20,547.41
89200,5.02,14,0.0500,100000,4.30,4479.50,542.30
89300,5.75,19,0.0500,100000,4.95,4484.45,537.27
89400,5.39,20,0.0500,100000,4.63,4489.08,532.21
89500,6.06,18,0.0500,100000,5.14,4494.22,527.20
89600,4.50,20,0.0500,100000,4.18,4498.40,522.08
89700,5.09,18,0.0500,100000,4.91,4503.31,517.05
89800,5.70,20,0.0500,100000,4.79,4508.10,512.00
89900,5.73,17,0.0500,100000,5.05,4513.15,506.98
90000,4.69,17,0.0500,100000,4.29,4517.44,501.88
90100,5.42,20,0.0500,100000,4.80,4522.24,496.84
90200,4.52,26,0.0500,100000,4.38,4526.62,491.75
90300,5.04,18,0.0500,100000,4.46,4531.07,486.67
90400,4.43,16,0.0500,100000,3.74,4534.81,481.52
90500,4.86,24,0.0500,100000,4.22,4539.03,476.42
90600,5.77,26,0.0500,100000,4.79,4543.82,471.38
90700,5.82,23,0.0500,100000,5.03,4548.86,466.37
90800,5.58,23,0.0500,100000,4.92,4553.77,461.34
90900,6.42,27,0.0500,100000,5.18,4558.95,456.34
91000,5.14,17,0.0500,100000,4.55,4563.50,451.28
91100,5.23,21,0.0500,100000,4.70,4568.21,446.24
91200,6.26,19,0.0500,100000,5.31,4573.51,441.25
91300,4.78,22,0.0500,100000,4.39,4577.90,436.17
91400,5.32,18,0.0500,100000,4.48,4582.38,431.11
91500,4.77,16,0.0500,100000,4.48,4586.86,426.05
91600,5.11,17,0.0500,100000,4.73,4591.60,421.01
91700,5.46,19,0.0500,100000,4.67,4596.27,415.97
91800,5.08,18,0.0500,100000,4.51,4600.77,410.91
91900,5.40,18,0.0500,100000,4.78,4605.55,405.88
92000,5.48,20,0.0500,100000,4.72,4610.27,400.84
92100,5.03,17,0.0500,100000,4.46,4614.73,395.78
92200,5.31,14,0.0500,100000,5.07,4619.80,390.77
92300,4.97,27,0.0500,100000,4.51,4624.31,385.72
92400,5.90,26,0.0500,100000,4.87,4629.17,380.70
92500,4.85,19,0.0500,100000,4.18,4633.35,375.62
92600,5.08,18,0.0500,100000,4.56,4637.91,370.58
92700,5.09,18,0.0500,100000,4.24,4642.15,365.51
92800,5.31,19,0.0500,100000,4.50,4646.66,360.46
92900,5.47,17,0.0500,100000,4.59,4651.25,355.42
93000,5.17,18,0.0500,100000,4.23,4655.47,350.36
93100,5.41,21,0.0500,100000,4.45,4659.92,345.31
93200,4.71,17,0.0500,100000,3.98,4663.90,340.23
93300,5.09,20,0.0500,100000,4.34,4668.25,335.18
93400,5.35,27,0.0500,100000,4.47,4672.72,330.14
93500,4.74,21,0.0500,100000,4.54,4677.25,325.10
93600,4.77,18,0.0500,100000,4.12,4681.37,320.04
93700,5.23,20,0.0500,100000,4.63,4686.00,315.01
93800,5.25,22,0.0500,100000,4.32,4690.32,309.97
93900,5.62,24,0.0500,100000,4.75,4695.07,304.95
94000,4.36,18,0.0500,100000,4.11,4699.19,299.89
94100,4.62,14,0.0500,100000,4.28,4703.46,294.85
94200,5.29,21,0.0500,100000,4.87,4708.33,289.84
94300,5.12,20,0.0500,100000,4.55,4712.89,284.82
94400,5.29,19,0.0500,100000,4.55,4717.44,279.79
94500,5.15,23,0.0500,100000,4.39,4721.82,274.76
94600,4.40,24,0.0500,100000,3.92,4725.75,269.70
94700,5.51,26,0.0500,100000,4.72,4730.47,264.69
94800,4.55,16,0.0500,100000,4.01,4734.48,259.64
94900,4.38,13,0.0500,100000,3.92,4738.40,254.59
95000,5.60,23,0.0500,100000,4.91,4743.31,249.60
95100,5.45,19,0.0500,100000,4.75,4748.05,244.59
95200,6.15,22,0.0500,100000,5.53,4753.58,239.62
95300,4.90,21,0.0500,100000,4.29,4757.87,234.60
95400,5.37,20,0.0500,100000,4.84,4762.71,229.60
95500,5.47,23,0.0500,100000,4.72,4767.43,224.59
95600,5.39,26,0.0500,100000,4.91,4772.34,219.60
95700,5.08,21,0.0500,100000,4.69,4777.02,214.59
95800,5.39,24,0.0500,100000,4.53,4781.55,209.58
95900,4.72,19,0.0500,100000,4.64,4786.20,204.57
96000,4.80,20,0.0500,100000,4.36,4790.56,199.55
96100,5.50,19,0.0500,100000,4.67,4795.23,194.55
96200,5.38,22,0.0500,100000,4.53,4799.75,189.54
96300,5.42,19,0.0500,100000,4.41,4804.17,184.53
96400,5.06,17,0.0500,100000,4.49,4808.66,179.52
96500,5.51,26,0.0500,100000,4.57,4813.22,174.52
96600,5.49,19,0.0500,100000,4.63,4817.85,169.52
96700,4.70,23,0.0500,100000,4.43,4822.28,164.51
96800,6.10,17,0.0500,100000,5.18,4827.46,159.53
96900,4.64,21,0.0500,100000,4.06,4831.52,154.52
97000,4.50,18,0.0500,100000,4.32,4835.83,149.51
97100,4.96,20,0.0500,100000,4.35,4840.18,144.51
97200,5.63,25,0.0500,100000,4.79,4844.97,139.52
97300,5.71,23,0.0500,100000,4.91,4849.88,134.53
97400,4.67,21,0.0500,100000,4.40,4854.28,129.53
97500,5.03,17,0.0500,100000,4.46,4858.74,124.53
97600,4.89,24,0.0500,100000,4.16,4862.89,119.53
97700,5.19,23,0.0500,100000,4.63,4867.53,114.54
97800,5.05,22,0.0500,100000,4.33,4871.86,109.54
97900,4.18,19,0.0500,100000,4.03,4875.88,104.54
98000,3.86,16,0.0500,100000,3.64,4879.52,99.53
98100,5.01,19,0.0500,100000,4.51,4884.03,94.54
98200,5.48,20,0.0500,100000,4.73,4888.77,89.56
98300,5.60,20,0.0500,100000,4.74,4893.50,84.58
98400,4.66,19,0.0500,100000,4.20,4897.70,79.59
98500,6.06,20,0.0500,100000,5.28,4902.98,74.61
98600,5.43,23,0.0500,100000,4.75,4907.73,69.63
98700,4.54,22,0.0500,100000,4.12,4911.85,64.64
98800,5.05,18,0.0500,100000,4.68,4916.54,59.66
98900,5.59,22,0.0500,100000,4.68,4921.22,54.69
99000,4.33,19,0.0500,100000,3.93,4925.15,49.70
99100,4.12,21,0.0500,100000,4.04,4929.19,44.72
99200,5.45,23,0.0500,100000,4.72,4933.91,39.74
99300,4.73,17,0.0500,100000,4.39,4938.30,34.76
99400,5.05,27,0.0500,100000,4.31,4942.61,29.78
99500,4.95,24,0.0500,100000,4.39,4946.99,24.81
99600,5.86,17,0.0500,100000,5.22,4952.22,19.84
99700,5.22,19,0.0500,100000,4.43,4956.65,14.86
99800,4.97,20,0.0500,100000,4.47,4961.12,9.89
99900,5.25,16,0.0500,100000,4.74,4965.86,4.92
# Training Complete! Total time: 82.85 minutes, Avg score: 5.55, Max score: 30
